// Vitest Snapshot v1, https://vitest.dev/guide/snapshot.html

exports[`BasicsApp > should match the snapshot 1`] = `
<div>
  <div>
    <h1>
      Shopping Cart
    </h1>
    <div
      data-testid="item-counter"
    />
    <div
      data-testid="item-counter"
    />
    <div
      data-testid="item-counter"
    />
  </div>
</div>
`;
